---
# Source: pattern-install/templates/namespace.yaml
apiVersion: v1
kind: Namespace
metadata:
  name: patterns-operator-system
---
# Source: pattern-install/templates/operator_group.yaml
apiVersion: operators.coreos.com/v1
kind: OperatorGroup
metadata:
  name: patterns-operator
  namespace: patterns-operator-system
spec:
---
# Source: pattern-install/templates/pattern.yaml
apiVersion: gitops.hybrid-cloud-patterns.io/v1alpha1
kind: Pattern
metadata:
  name: operator-install
  namespace: patterns-operator-system
spec:
  clusterGroupName: example
  gitSpec:
    targetRepo: https://github.com/pattern-clone/mypattern
    targetRevision: main
---
# Source: pattern-install/templates/subscription.yaml
apiVersion: operators.coreos.com/v1alpha1
kind: Subscription
metadata:
  name: patterns-operator
  namespace: patterns-operator-system
  labels:
    operators.coreos.com/patterns-operator.openshift-operators: ""
spec:
  channel: fast
  installPlanApproval: Automatic
  name: patterns-operator
  source: community-operators
  sourceNamespace: openshift-marketplace
