---
# Source: odf/templates/odf-rbacServiceAccount.yaml
apiVersion: v1
kind: ServiceAccount
metadata:
  annotations:
    argocd.argoproj.io/sync-wave: "6"
  name: odf-sa
  namespace: openshift-cnv
---
# Source: odf/templates/job-labelNodes.yaml
apiVersion: batch/v1
kind: Job
metadata:
  annotations:
    argocd.argoproj.io/hook: PreSync
    argocd.argoproj.io/hook-delete-policy: HookSucceeded
  name: label-odf-nodes
  namespace: openshift-gitops
spec:
  template:
    spec:
      containers: 
      - image: image-registry.openshift-image-registry.svc:5000/openshift/cli:latest
        command:
        - /bin/bash
        - -c
        - |
          oc get nodes --show-labels | grep ocs > /dev/null
          if [ $? -eq 1 ]; then
            oc label nodes -l node-role.kubernetes.io/worker= cluster.ocs.openshift.io/openshift-storage=
          else
            echo "storage nodes are already labeled"
          fi
        name: label-odf-nodes
      dnsPolicy: ClusterFirst
      restartPolicy: Never
      serviceAccount: openshift-gitops-argocd-application-controller
      serviceAccountName: openshift-gitops-argocd-application-controller
      terminationGracePeriodSeconds: 30
---
# Source: odf/templates/cephObjectStore.yaml
apiVersion: ceph.rook.io/v1
kind: CephObjectStore
metadata:
  name: ocs-storagecluster-cephobjectstore
  namespace: openshift-storage
spec:
  dataPool:
    crushRoot: ""
    deviceClass: ""
    erasureCoded:
      algorithm: ""
      codingChunks: 0
      dataChunks: 0
    failureDomain: zone
    replicated:
      size: 3
  gateway:
    #allNodes: false
    instances: 2
    placement:
      nodeAffinity:
        requiredDuringSchedulingIgnoredDuringExecution:
          nodeSelectorTerms:
          - matchExpressions:
            - key: cluster.ocs.openshift.io/openshift-storage
              operator: Exists
      podAntiAffinity:
        preferredDuringSchedulingIgnoredDuringExecution:
        - podAffinityTerm:
            labelSelector:
              matchExpressions:
              - key: app
                operator: In
                values:
                - rook-ceph-rgw
            topologyKey: kubernetes.io/hostname
          weight: 100
      tolerations:
      - effect: NoSchedule
        key: node.ocs.openshift.io/storage
        operator: Equal
        value: "true"
    port: 80
    resources:
      limits:
        cpu: "2"
        memory: 4Gi
      requests:
        cpu: "1"
        memory: 4Gi
    securePort: 0
    sslCertificateRef: ""
  metadataPool:
    crushRoot: ""
    deviceClass: ""
    erasureCoded:
      algorithm: ""
      codingChunks: 0
      dataChunks: 0
    failureDomain: zone
    replicated:
      size: 3
---
# Source: odf/templates/cephToolbox.yaml
apiVersion: ocs.openshift.io/v1
kind: OCSInitialization
metadata:
  name: ocsinit
  namespace: openshift-storage
spec:
  enableCephTools: true
---
# Source: odf/templates/storagecluster.yaml
apiVersion: ocs.openshift.io/v1
kind: StorageCluster
metadata:
  namespace: openshift-storage
  name: ocs-storagecluster
spec:
  manageNodes: false
  resources:
    mon:
      requests:
        cpu: 1
        memory: 2Gi
    mds:
      requests:
        cpu: 3
        memory: 8Gi
    mgr:
      requests:
        cpu: 1
        memory: 3Gi
    noobaa-core:
      requests:
        cpu: 1
        memory: 4Gi
    noobaa-db:
      requests:
        cpu: 1
        memory: 4Gi
  storageDeviceSets:
  - name: ocs-deviceset
    count: 1
    replica: 3
    resources:
      requests:
        cpu: 2
        memory: 5Gi
    placement: {}
    dataPVCTemplate:
      spec:
        storageClassName: gp2
        accessModes:
        - ReadWriteOnce
        volumeMode: Block
        resources:
          requests:
            storage: 2Ti
    portable: true
---
# Source: odf/templates/storagesystem.yaml
apiVersion: odf.openshift.io/v1alpha1
kind: StorageSystem
metadata:
  finalizers:
  - storagesystem.odf.openshift.io
  name: ocs-storagecluster-storagesystem
  namespace: openshift-storage
spec:
  kind: storagecluster.ocs.openshift.io/v1
  name: ocs-storagecluster
  namespace: openshift-storage
